2026-05-13 13:10:32,345 - INFO - System Startup Initiated.
2026-05-13 13:10:33,126 - INFO - Data successfully fetched from API.
2026-05-13 13:10:33,141 - INFO - SQL Success: Measurements stored.
2026-05-13 13:25:33,587 - INFO - Data successfully fetched from API.
2026-05-13 13:25:33,601 - INFO - SQL Success: Measurements stored.
2026-05-13 13:40:33,827 - INFO - Data successfully fetched from API.
2026-05-13 13:40:33,836 - INFO - SQL Success: Measurements stored.
2026-05-13 13:55:34,309 - INFO - Data successfully fetched from API.
2026-05-13 13:55:34,349 - INFO - SQL Success: Measurements stored.
2026-05-13 14:10:35,836 - INFO - Data successfully fetched from API.
2026-05-13 14:10:35,908 - INFO - SQL Success: Measurements stored.
2026-05-13 14:25:36,604 - INFO - Data successfully fetched from API.
2026-05-13 14:25:36,669 - INFO - SQL Success: Measurements stored.
2026-05-13 14:40:37,252 - INFO - Data successfully fetched from API.
2026-05-13 14:40:37,273 - INFO - SQL Success: Measurements stored.
2026-05-13 14:55:37,766 - INFO - Data successfully fetched from API.
2026-05-13 14:55:37,838 - INFO - SQL Success: Measurements stored.
2026-05-13 15:10:38,361 - INFO - Data successfully fetched from API.
2026-05-13 15:10:38,383 - INFO - SQL Success: Measurements stored.
2026-05-13 15:25:39,819 - INFO - Data successfully fetched from API.
2026-05-13 15:25:39,843 - INFO - SQL Success: Measurements stored.
2026-05-13 15:40:40,337 - INFO - Data successfully fetched from API.
2026-05-13 15:40:40,358 - INFO - SQL Success: Measurements stored.
2026-05-13 15:55:41,057 - INFO - Data successfully fetched from API.
2026-05-13 15:55:41,088 - INFO - SQL Success: Measurements stored.
2026-05-13 16:10:40,431 - INFO - Data successfully fetched from API.
2026-05-13 16:10:40,490 - INFO - SQL Success: Measurements stored.
2026-05-13 16:25:41,226 - INFO - Data successfully fetched from API.
2026-05-13 16:25:41,247 - INFO - SQL Success: Measurements stored.
2026-05-13 16:40:41,598 - INFO - Data successfully fetched from API.
2026-05-13 16:40:41,616 - INFO - SQL Success: Measurements stored.
2026-05-13 16:55:42,144 - INFO - Data successfully fetched from API.
2026-05-13 16:55:42,160 - INFO - SQL Success: Measurements stored.
2026-05-13 17:10:42,473 - INFO - Data successfully fetched from API.
2026-05-13 17:10:42,500 - INFO - SQL Success: Measurements stored.
2026-05-13 17:25:43,282 - INFO - Data successfully fetched from API.
2026-05-13 17:25:43,312 - INFO - SQL Success: Measurements stored.
2026-05-13 17:40:43,686 - INFO - Data successfully fetched from API.
2026-05-13 17:40:43,704 - INFO - SQL Success: Measurements stored.
2026-05-13 17:55:44,202 - INFO - Data successfully fetched from API.
2026-05-13 17:55:44,214 - INFO - SQL Success: Measurements stored.
2026-05-13 18:10:44,652 - INFO - Data successfully fetched from API.
2026-05-13 18:10:44,671 - INFO - SQL Success: Measurements stored.
2026-05-13 18:25:45,024 - INFO - Data successfully fetched from API.
2026-05-13 18:25:45,047 - INFO - SQL Success: Measurements stored.
2026-05-13 18:40:45,303 - INFO - Data successfully fetched from API.
2026-05-13 18:40:45,325 - INFO - SQL Success: Measurements stored.
2026-05-13 18:55:45,560 - INFO - Data successfully fetched from API.
2026-05-13 18:55:45,618 - INFO - SQL Success: Measurements stored.
2026-05-13 19:10:45,966 - INFO - Data successfully fetched from API.
2026-05-13 19:10:45,993 - INFO - SQL Success: Measurements stored.
2026-05-13 19:25:46,339 - INFO - Data successfully fetched from API.
2026-05-13 19:25:46,357 - INFO - SQL Success: Measurements stored.
2026-05-13 19:40:46,859 - INFO - Data successfully fetched from API.
2026-05-13 19:40:46,875 - INFO - SQL Success: Measurements stored.
2026-05-13 19:55:47,335 - INFO - Data successfully fetched from API.
2026-05-13 19:55:47,363 - INFO - SQL Success: Measurements stored.
2026-05-13 20:10:47,581 - INFO - Data successfully fetched from API.
2026-05-13 20:10:47,613 - INFO - SQL Success: Measurements stored.
2026-05-13 20:25:51,733 - INFO - Data successfully fetched from API.
2026-05-13 20:25:51,745 - INFO - SQL Success: Measurements stored.
2026-05-13 20:40:52,100 - INFO - Data successfully fetched from API.
2026-05-13 20:40:52,122 - INFO - SQL Success: Measurements stored.
2026-05-13 20:55:52,535 - INFO - Data successfully fetched from API.
2026-05-13 20:55:52,556 - INFO - SQL Success: Measurements stored.
2026-05-13 21:10:53,809 - INFO - Data successfully fetched from API.
2026-05-13 21:10:53,831 - INFO - SQL Success: Measurements stored.
2026-05-13 21:25:54,365 - INFO - Data successfully fetched from API.
2026-05-13 21:25:54,417 - INFO - SQL Success: Measurements stored.
2026-05-13 21:40:54,993 - INFO - Data successfully fetched from API.
2026-05-13 21:40:55,004 - INFO - SQL Success: Measurements stored.
2026-05-13 21:55:55,852 - INFO - Data successfully fetched from API.
2026-05-13 21:55:55,874 - INFO - SQL Success: Measurements stored.
2026-05-13 22:10:56,313 - INFO - Data successfully fetched from API.
2026-05-13 22:10:56,327 - INFO - SQL Success: Measurements stored.
2026-05-13 22:25:56,813 - INFO - Data successfully fetched from API.
2026-05-13 22:25:56,829 - INFO - SQL Success: Measurements stored.
2026-05-13 22:40:57,068 - INFO - Data successfully fetched from API.
2026-05-13 22:40:57,080 - INFO - SQL Success: Measurements stored.
2026-05-13 22:55:57,493 - INFO - Data successfully fetched from API.
2026-05-13 22:55:57,519 - INFO - SQL Success: Measurements stored.
2026-05-13 23:10:57,998 - INFO - Data successfully fetched from API.
2026-05-13 23:10:58,020 - INFO - SQL Success: Measurements stored.
2026-05-13 23:25:58,811 - INFO - Data successfully fetched from API.
2026-05-13 23:25:58,828 - INFO - SQL Success: Measurements stored.
2026-05-14 07:00:34,884 - INFO - System Startup Initiated.
2026-05-14 07:00:35,141 - INFO - Data successfully fetched from API.
2026-05-14 07:00:35,208 - INFO - SQL Success: Measurements stored.
2026-05-14 07:15:35,994 - INFO - Data successfully fetched from API.
2026-05-14 07:15:36,022 - INFO - SQL Success: Measurements stored.
2026-05-14 07:30:36,725 - INFO - Data successfully fetched from API.
2026-05-14 07:30:36,734 - INFO - SQL Success: Measurements stored.
2026-05-14 07:45:37,184 - INFO - Data successfully fetched from API.
2026-05-14 07:45:37,195 - INFO - SQL Success: Measurements stored.
2026-05-14 08:00:37,644 - INFO - Data successfully fetched from API.
2026-05-14 08:00:37,681 - INFO - SQL Success: Measurements stored.
2026-05-14 08:15:38,283 - INFO - Data successfully fetched from API.
2026-05-14 08:15:38,297 - INFO - SQL Success: Measurements stored.
2026-05-14 08:30:38,751 - INFO - Data successfully fetched from API.
2026-05-14 08:30:38,778 - INFO - SQL Success: Measurements stored.
2026-05-14 08:45:40,285 - INFO - Data successfully fetched from API.
2026-05-14 08:45:40,294 - INFO - SQL Success: Measurements stored.
2026-05-14 09:00:40,857 - INFO - Data successfully fetched from API.
2026-05-14 09:00:40,868 - INFO - SQL Success: Measurements stored.
2026-05-14 09:15:41,549 - INFO - Data successfully fetched from API.
2026-05-14 09:15:41,565 - INFO - SQL Success: Measurements stored.
2026-05-14 09:30:42,995 - INFO - Data successfully fetched from API.
2026-05-14 09:30:43,020 - INFO - SQL Success: Measurements stored.
2026-05-14 09:45:43,639 - INFO - Data successfully fetched from API.
2026-05-14 09:45:43,665 - INFO - SQL Success: Measurements stored.
2026-05-14 10:00:44,286 - INFO - Data successfully fetched from API.
2026-05-14 10:00:44,300 - INFO - SQL Success: Measurements stored.
2026-05-14 10:15:45,658 - INFO - Data successfully fetched from API.
2026-05-14 10:15:45,672 - INFO - SQL Success: Measurements stored.
2026-05-14 10:30:45,997 - INFO - Data successfully fetched from API.
2026-05-14 10:30:46,060 - INFO - SQL Success: Measurements stored.
2026-05-14 10:45:46,488 - INFO - Data successfully fetched from API.
2026-05-14 10:45:46,502 - INFO - SQL Success: Measurements stored.
2026-05-14 11:00:47,013 - INFO - Data successfully fetched from API.
2026-05-14 11:00:47,045 - INFO - SQL Success: Measurements stored.
2026-05-14 11:15:47,735 - INFO - Data successfully fetched from API.
2026-05-14 11:15:47,751 - INFO - SQL Success: Measurements stored.
2026-05-14 11:30:48,748 - INFO - Data successfully fetched from API.
2026-05-14 11:30:48,763 - INFO - SQL Success: Measurements stored.
2026-05-14 11:45:49,938 - INFO - Data successfully fetched from API.
2026-05-14 11:45:49,966 - INFO - SQL Success: Measurements stored.
2026-05-14 12:00:50,496 - INFO - Data successfully fetched from API.
2026-05-14 12:00:50,518 - INFO - SQL Success: Measurements stored.
2026-05-14 12:15:51,105 - INFO - Data successfully fetched from API.
2026-05-14 12:15:51,141 - INFO - SQL Success: Measurements stored.
2026-05-14 12:49:58,046 - INFO - Data successfully fetched from API.
2026-05-14 12:49:58,090 - INFO - SQL Success: Measurements stored.
2026-05-14 13:04:59,346 - INFO - Data successfully fetched from API.
2026-05-14 13:04:59,392 - INFO - SQL Success: Measurements stored.
2026-05-14 13:20:00,841 - INFO - Data successfully fetched from API.
2026-05-14 13:20:00,868 - INFO - SQL Success: Measurements stored.
2026-05-14 13:35:03,097 - INFO - Data successfully fetched from API.
2026-05-14 13:35:03,131 - INFO - SQL Success: Measurements stored.
2026-05-14 13:50:06,305 - INFO - Data successfully fetched from API.
2026-05-14 13:50:06,372 - INFO - SQL Success: Measurements stored.
2026-05-14 14:05:07,035 - INFO - Data successfully fetched from API.
2026-05-14 14:05:07,068 - INFO - SQL Success: Measurements stored.
2026-05-14 14:20:08,385 - INFO - Data successfully fetched from API.
2026-05-14 14:20:08,416 - INFO - SQL Success: Measurements stored.
2026-05-14 14:35:09,167 - INFO - Data successfully fetched from API.
2026-05-14 14:35:09,200 - INFO - SQL Success: Measurements stored.
2026-05-14 14:50:09,791 - INFO - Data successfully fetched from API.
2026-05-14 14:50:09,825 - INFO - SQL Success: Measurements stored.
2026-05-14 10:35:46,177 - INFO - System Startup Initiated.
2026-05-14 10:35:46,393 - INFO - Data successfully fetched from API.
2026-05-14 10:35:46,396 - INFO - SQL Success: Measurements stored.
2026-05-14 17:14:05,033 - INFO - System Startup Initiated.
2026-05-14 17:14:05,377 - INFO - Data successfully fetched from API.
2026-05-14 17:14:05,381 - INFO - SQL Success: Measurements stored.
2026-05-14 17:56:28,906 - INFO - System Startup Initiated.
2026-05-14 17:56:33,344 - INFO - Data successfully fetched from API.
2026-05-14 17:56:33,372 - INFO - SQL Success: Measurements stored.
2026-05-14 20:25:25,696 - INFO - System Startup Initiated.
2026-05-14 20:25:26,079 - INFO - Data successfully fetched from API.
2026-05-14 20:25:26,090 - INFO - SQL Success: Measurements stored.
2026-05-14 22:17:58,377 - INFO - System Startup Initiated.
2026-05-14 22:17:58,692 - INFO - Data successfully fetched from API.
2026-05-14 22:17:59,322 - INFO - SQL Success: Measurements stored.
2026-05-15 00:08:37,533 - INFO - System Startup Initiated.
2026-05-15 00:08:37,853 - INFO - Data successfully fetched from API.
2026-05-15 00:08:37,856 - INFO - SQL Success: Measurements stored.
2026-05-15 01:57:31,141 - INFO - System Startup Initiated.
2026-05-15 01:57:31,371 - INFO - Data successfully fetched from API.
2026-05-15 01:57:31,394 - INFO - SQL Success: Measurements stored.
2026-05-15 03:21:32,249 - INFO - System Startup Initiated.
2026-05-15 03:21:32,374 - INFO - Data successfully fetched from API.
2026-05-15 03:21:32,377 - INFO - SQL Success: Measurements stored.
2026-05-15 04:25:25,227 - INFO - System Startup Initiated.
2026-05-15 04:25:25,353 - INFO - Data successfully fetched from API.
2026-05-15 04:25:25,356 - INFO - SQL Success: Measurements stored.
2026-05-15 05:21:20,071 - INFO - System Startup Initiated.
2026-05-15 05:21:20,285 - INFO - Data successfully fetched from API.
2026-05-15 05:21:20,288 - INFO - SQL Success: Measurements stored.
2026-05-15 07:14:34,533 - INFO - System Startup Initiated.
2026-05-15 07:14:34,721 - INFO - Data successfully fetched from API.
2026-05-15 07:14:34,724 - INFO - SQL Success: Measurements stored.
2026-05-15 11:17:53,279 - INFO - System Startup Initiated.
2026-05-15 11:17:53,444 - INFO - Data successfully fetched from API.
2026-05-15 11:17:53,446 - INFO - SQL Success: Measurements stored.
2026-05-15 14:14:22,491 - INFO - System Startup Initiated.
2026-05-15 14:14:22,631 - INFO - Data successfully fetched from API.
2026-05-15 14:14:22,634 - INFO - SQL Success: Measurements stored.
2026-05-15 16:44:44,277 - INFO - System Startup Initiated.
2026-05-15 16:44:44,422 - INFO - Data successfully fetched from API.
2026-05-15 16:44:44,424 - INFO - SQL Success: Measurements stored.
2026-05-15 18:43:46,028 - INFO - System Startup Initiated.
2026-05-15 18:43:46,184 - INFO - Data successfully fetched from API.
2026-05-15 18:43:46,187 - INFO - SQL Success: Measurements stored.
2026-05-15 21:04:31,193 - INFO - System Startup Initiated.
2026-05-15 21:04:31,486 - INFO - Data successfully fetched from API.
2026-05-15 21:04:32,323 - INFO - SQL Success: Measurements stored.
2026-05-15 22:52:53,472 - INFO - System Startup Initiated.
2026-05-15 22:52:53,715 - INFO - Data successfully fetched from API.
2026-05-15 22:52:53,719 - INFO - SQL Success: Measurements stored.
2026-05-16 00:37:15,549 - INFO - System Startup Initiated.
2026-05-16 00:37:15,910 - INFO - Data successfully fetched from API.
2026-05-16 00:37:15,913 - INFO - SQL Success: Measurements stored.
2026-05-16 01:57:03,435 - INFO - System Startup Initiated.
2026-05-16 01:57:03,713 - INFO - Data successfully fetched from API.
2026-05-16 01:57:03,716 - INFO - SQL Success: Measurements stored.
2026-05-16 03:03:55,710 - INFO - System Startup Initiated.
2026-05-16 03:03:55,833 - INFO - Data successfully fetched from API.
2026-05-16 03:03:55,837 - INFO - SQL Success: Measurements stored.
2026-05-16 04:14:04,770 - INFO - System Startup Initiated.
2026-05-16 04:14:05,102 - INFO - Data successfully fetched from API.
2026-05-16 04:14:05,105 - INFO - SQL Success: Measurements stored.
2026-05-16 05:14:31,815 - INFO - System Startup Initiated.
2026-05-16 05:14:32,053 - INFO - Data successfully fetched from API.
2026-05-16 05:14:32,057 - INFO - SQL Success: Measurements stored.
2026-05-16 07:01:58,268 - INFO - System Startup Initiated.
2026-05-16 07:01:58,312 - INFO - Data successfully fetched from API.
2026-05-16 07:01:58,315 - INFO - SQL Success: Measurements stored.
2026-05-16 10:33:22,650 - INFO - System Startup Initiated.
2026-05-16 10:33:22,774 - INFO - Data successfully fetched from API.
2026-05-16 10:33:22,777 - INFO - SQL Success: Measurements stored.
2026-05-16 12:55:55,907 - INFO - System Startup Initiated.
2026-05-16 12:55:56,168 - INFO - Data successfully fetched from API.
2026-05-16 12:55:56,171 - INFO - SQL Success: Measurements stored.
2026-05-16 14:46:00,887 - INFO - System Startup Initiated.
2026-05-16 14:46:01,118 - INFO - Data successfully fetched from API.
2026-05-16 14:46:01,121 - INFO - SQL Success: Measurements stored.
2026-05-16 16:21:53,508 - INFO - System Startup Initiated.
2026-05-16 16:21:53,868 - INFO - Data successfully fetched from API.
2026-05-16 16:21:53,872 - INFO - SQL Success: Measurements stored.
2026-05-16 17:21:15,303 - INFO - System Startup Initiated.
2026-05-16 17:21:15,690 - INFO - Data successfully fetched from API.
2026-05-16 17:21:15,694 - INFO - SQL Success: Measurements stored.
2026-05-16 18:29:19,496 - INFO - System Startup Initiated.
2026-05-16 18:29:19,786 - INFO - Data successfully fetched from API.
2026-05-16 18:29:19,789 - INFO - SQL Success: Measurements stored.
2026-05-16 19:55:40,870 - INFO - System Startup Initiated.
2026-05-16 19:55:41,000 - INFO - Data successfully fetched from API.
2026-05-16 19:55:41,004 - INFO - SQL Success: Measurements stored.
2026-05-16 21:00:23,417 - INFO - System Startup Initiated.
2026-05-16 21:00:23,659 - INFO - Data successfully fetched from API.
2026-05-16 21:00:23,662 - INFO - SQL Success: Measurements stored.
2026-05-16 22:13:12,151 - INFO - System Startup Initiated.
2026-05-16 22:13:12,395 - INFO - Data successfully fetched from API.
2026-05-16 22:13:12,398 - INFO - SQL Success: Measurements stored.
2026-05-16 23:15:55,860 - INFO - System Startup Initiated.
2026-05-16 23:15:56,181 - INFO - Data successfully fetched from API.
2026-05-16 23:15:56,184 - INFO - SQL Success: Measurements stored.
2026-05-17 00:24:00,342 - INFO - System Startup Initiated.
2026-05-17 00:24:00,603 - INFO - Data successfully fetched from API.
2026-05-17 00:24:00,618 - INFO - SQL Success: Measurements stored.
2026-05-17 01:31:54,489 - INFO - System Startup Initiated.
2026-05-17 01:31:54,741 - INFO - Data successfully fetched from API.
2026-05-17 01:31:54,744 - INFO - SQL Success: Measurements stored.
2026-05-17 02:25:30,243 - INFO - System Startup Initiated.
2026-05-17 02:25:30,589 - INFO - Data successfully fetched from API.
2026-05-17 02:25:30,592 - INFO - SQL Success: Measurements stored.
2026-05-17 03:18:10,935 - INFO - System Startup Initiated.
2026-05-17 03:18:10,999 - INFO - Data successfully fetched from API.
2026-05-17 03:18:11,002 - INFO - SQL Success: Measurements stored.
2026-05-17 04:14:04,912 - INFO - System Startup Initiated.
2026-05-17 04:14:05,090 - INFO - Data successfully fetched from API.
2026-05-17 04:14:05,107 - INFO - SQL Success: Measurements stored.
2026-05-17 05:13:24,645 - INFO - System Startup Initiated.
2026-05-17 05:13:24,772 - INFO - Data successfully fetched from API.
2026-05-17 05:13:24,801 - INFO - SQL Success: Measurements stored.
2026-05-17 07:09:20,667 - INFO - System Startup Initiated.
2026-05-17 07:09:20,924 - INFO - Data successfully fetched from API.
2026-05-17 07:09:20,997 - INFO - SQL Success: Measurements stored.
2026-05-17 10:51:13,601 - INFO - System Startup Initiated.
2026-05-17 10:51:13,726 - INFO - Data successfully fetched from API.
2026-05-17 10:51:13,729 - INFO - SQL Success: Measurements stored.
2026-05-17 13:28:47,537 - INFO - System Startup Initiated.
2026-05-17 13:28:47,899 - INFO - Data successfully fetched from API.
2026-05-17 13:28:47,902 - INFO - SQL Success: Measurements stored.
2026-05-17 15:09:02,176 - INFO - System Startup Initiated.
2026-05-17 15:09:02,453 - INFO - Data successfully fetched from API.
2026-05-17 15:09:02,504 - INFO - SQL Success: Measurements stored.
2026-05-17 16:33:51,289 - INFO - System Startup Initiated.
2026-05-17 16:33:51,531 - INFO - Data successfully fetched from API.
2026-05-17 16:33:51,534 - INFO - SQL Success: Measurements stored.
2026-05-17 17:42:27,821 - INFO - System Startup Initiated.
2026-05-17 17:42:28,125 - INFO - Data successfully fetched from API.
2026-05-17 17:42:28,128 - INFO - SQL Success: Measurements stored.
2026-05-17 19:05:03,389 - INFO - System Startup Initiated.
2026-05-17 19:05:03,655 - INFO - Data successfully fetched from API.
2026-05-17 19:05:03,658 - INFO - SQL Success: Measurements stored.
2026-05-17 20:27:44,007 - INFO - System Startup Initiated.
2026-05-17 20:27:44,348 - INFO - Data successfully fetched from API.
2026-05-17 20:27:44,351 - INFO - SQL Success: Measurements stored.
2026-05-17 21:29:00,160 - INFO - System Startup Initiated.
2026-05-17 21:29:00,537 - INFO - Data successfully fetched from API.
2026-05-17 21:29:00,540 - INFO - SQL Success: Measurements stored.
2026-05-17 22:24:20,054 - INFO - System Startup Initiated.
2026-05-17 22:24:20,441 - INFO - Data successfully fetched from API.
2026-05-17 22:24:20,444 - INFO - SQL Success: Measurements stored.
2026-05-17 23:25:58,422 - INFO - System Startup Initiated.
2026-05-17 23:25:58,820 - INFO - Data successfully fetched from API.
2026-05-17 23:25:58,823 - INFO - SQL Success: Measurements stored.
2026-05-18 00:28:47,895 - INFO - System Startup Initiated.
2026-05-18 00:28:48,085 - INFO - Data successfully fetched from API.
2026-05-18 00:28:48,088 - INFO - SQL Success: Measurements stored.
2026-05-18 01:35:57,924 - INFO - System Startup Initiated.
2026-05-18 01:35:58,076 - INFO - Data successfully fetched from API.
2026-05-18 01:35:58,079 - INFO - SQL Success: Measurements stored.
2026-05-18 02:26:57,580 - INFO - System Startup Initiated.
2026-05-18 02:26:57,857 - INFO - Data successfully fetched from API.
2026-05-18 02:26:57,928 - INFO - SQL Success: Measurements stored.
2026-05-18 03:23:44,016 - INFO - System Startup Initiated.
2026-05-18 03:23:44,292 - INFO - Data successfully fetched from API.
2026-05-18 03:23:44,295 - INFO - SQL Success: Measurements stored.
2026-05-18 04:20:42,653 - INFO - System Startup Initiated.
2026-05-18 04:20:42,902 - INFO - Data successfully fetched from API.
2026-05-18 04:20:42,907 - INFO - SQL Success: Measurements stored.
2026-05-18 05:25:07,503 - INFO - System Startup Initiated.
2026-05-18 05:25:07,887 - INFO - Data successfully fetched from API.
2026-05-18 05:25:07,891 - INFO - SQL Success: Measurements stored.
2026-05-18 07:19:43,718 - INFO - System Startup Initiated.
2026-05-18 07:19:44,096 - INFO - Data successfully fetched from API.
2026-05-18 07:19:44,100 - INFO - SQL Success: Measurements stored.
2026-05-18 11:42:33,075 - INFO - System Startup Initiated.
2026-05-18 11:42:33,163 - INFO - Data successfully fetched from API.
2026-05-18 11:42:33,166 - INFO - SQL Success: Measurements stored.
2026-05-18 15:48:55,053 - INFO - System Startup Initiated.
2026-05-18 15:48:55,193 - INFO - Data successfully fetched from API.
2026-05-18 15:48:55,196 - INFO - SQL Success: Measurements stored.
2026-05-18 19:44:58,075 - INFO - System Startup Initiated.
2026-05-18 19:44:58,202 - INFO - Data successfully fetched from API.
2026-05-18 19:44:58,205 - INFO - SQL Success: Measurements stored.
2026-05-18 22:35:18,363 - INFO - System Startup Initiated.
2026-05-18 22:35:18,496 - INFO - Data successfully fetched from API.
2026-05-18 22:35:18,499 - INFO - SQL Success: Measurements stored.
2026-05-19 00:13:25,939 - INFO - System Startup Initiated.
2026-05-19 00:13:26,036 - INFO - Data successfully fetched from API.
2026-05-19 00:13:26,039 - INFO - SQL Success: Measurements stored.
2026-05-19 01:58:33,506 - INFO - System Startup Initiated.
2026-05-19 01:58:33,870 - INFO - Data successfully fetched from API.
2026-05-19 01:58:33,873 - INFO - SQL Success: Measurements stored.
2026-05-19 03:23:33,841 - INFO - System Startup Initiated.
2026-05-19 03:23:34,191 - INFO - Data successfully fetched from API.
2026-05-19 03:23:34,195 - INFO - SQL Success: Measurements stored.
2026-05-19 04:23:26,215 - INFO - System Startup Initiated.
2026-05-19 04:23:26,354 - INFO - Data successfully fetched from API.
2026-05-19 04:23:26,357 - INFO - SQL Success: Measurements stored.
2026-05-19 05:29:21,952 - INFO - System Startup Initiated.
2026-05-19 05:29:22,276 - INFO - Data successfully fetched from API.
2026-05-19 05:29:22,279 - INFO - SQL Success: Measurements stored.
2026-05-19 07:34:15,328 - INFO - System Startup Initiated.
2026-05-19 07:34:15,697 - INFO - Data successfully fetched from API.
2026-05-19 07:34:15,702 - INFO - SQL Success: Measurements stored.
2026-05-19 11:47:12,810 - INFO - System Startup Initiated.
2026-05-19 11:47:13,122 - INFO - Data successfully fetched from API.
2026-05-19 11:47:13,125 - INFO - SQL Success: Measurements stored.
2026-05-19 15:50:59,903 - INFO - System Startup Initiated.
2026-05-19 15:51:00,164 - INFO - Data successfully fetched from API.
2026-05-19 15:51:00,167 - INFO - SQL Success: Measurements stored.
2026-05-19 19:15:28,385 - INFO - System Startup Initiated.
2026-05-19 19:15:28,701 - INFO - Data successfully fetched from API.
2026-05-19 19:15:28,706 - INFO - SQL Success: Measurements stored.
2026-05-19 22:25:19,970 - INFO - System Startup Initiated.
2026-05-19 22:25:20,327 - INFO - Data successfully fetched from API.
2026-05-19 22:25:20,330 - INFO - SQL Success: Measurements stored.
2026-05-20 00:11:13,171 - INFO - System Startup Initiated.
2026-05-20 00:11:13,555 - INFO - Data successfully fetched from API.
2026-05-20 00:11:13,558 - INFO - SQL Success: Measurements stored.
2026-05-20 01:57:32,398 - INFO - System Startup Initiated.
2026-05-20 01:57:32,741 - INFO - Data successfully fetched from API.
2026-05-20 01:57:32,746 - INFO - SQL Success: Measurements stored.
2026-05-20 03:30:46,309 - INFO - System Startup Initiated.
2026-05-20 03:30:46,621 - INFO - Data successfully fetched from API.
2026-05-20 03:30:46,624 - INFO - SQL Success: Measurements stored.
2026-05-20 04:44:00,411 - INFO - System Startup Initiated.
2026-05-20 04:44:00,704 - INFO - Data successfully fetched from API.
2026-05-20 04:44:00,707 - INFO - SQL Success: Measurements stored.
2026-05-20 05:55:19,294 - INFO - System Startup Initiated.
2026-05-20 05:55:19,498 - INFO - Data successfully fetched from API.
2026-05-20 05:55:19,501 - INFO - SQL Success: Measurements stored.
2026-05-20 10:20:23,972 - INFO - System Startup Initiated.
2026-05-20 10:20:24,269 - INFO - Data successfully fetched from API.
2026-05-20 10:20:24,272 - INFO - SQL Success: Measurements stored.
2026-05-20 13:51:19,650 - INFO - System Startup Initiated.
2026-05-20 13:51:19,981 - INFO - Data successfully fetched from API.
2026-05-20 13:51:19,984 - INFO - SQL Success: Measurements stored.
2026-05-20 17:04:46,965 - INFO - System Startup Initiated.
2026-05-20 17:04:47,198 - INFO - Data successfully fetched from API.
2026-05-20 17:04:47,201 - INFO - SQL Success: Measurements stored.
2026-05-20 19:47:56,046 - INFO - System Startup Initiated.
2026-05-20 19:47:56,168 - INFO - Data successfully fetched from API.
2026-05-20 19:47:56,171 - INFO - SQL Success: Measurements stored.
2026-05-20 23:12:51,067 - INFO - System Startup Initiated.
2026-05-20 23:12:51,194 - INFO - Data successfully fetched from API.
2026-05-20 23:12:51,197 - INFO - SQL Success: Measurements stored.
2026-05-21 01:24:12,798 - INFO - System Startup Initiated.
2026-05-21 01:24:13,205 - INFO - Data successfully fetched from API.
2026-05-21 01:24:13,209 - INFO - SQL Success: Measurements stored.
2026-05-21 03:08:43,619 - INFO - System Startup Initiated.
2026-05-21 03:08:43,927 - INFO - Data successfully fetched from API.
2026-05-21 03:08:43,932 - INFO - SQL Success: Measurements stored.
2026-05-21 04:35:07,727 - INFO - System Startup Initiated.
2026-05-21 04:35:07,978 - INFO - Data successfully fetched from API.
2026-05-21 04:35:07,982 - INFO - SQL Success: Measurements stored.
2026-05-21 05:47:33,988 - INFO - System Startup Initiated.
2026-05-21 05:47:34,053 - INFO - Data successfully fetched from API.
2026-05-21 05:47:34,058 - INFO - SQL Success: Measurements stored.
2026-05-21 10:27:47,391 - INFO - System Startup Initiated.
2026-05-21 10:27:47,707 - INFO - Data successfully fetched from API.
2026-05-21 10:27:47,710 - INFO - SQL Success: Measurements stored.
2026-05-21 14:06:29,331 - INFO - System Startup Initiated.
2026-05-21 14:06:29,748 - INFO - Data successfully fetched from API.
2026-05-21 14:06:29,758 - INFO - SQL Success: Measurements stored.
2026-05-21 17:28:25,388 - INFO - System Startup Initiated.
2026-05-21 17:28:25,615 - INFO - Data successfully fetched from API.
2026-05-21 17:28:25,619 - INFO - SQL Success: Measurements stored.
2026-05-21 20:10:21,549 - INFO - System Startup Initiated.
2026-05-21 20:10:21,866 - INFO - Data successfully fetched from API.
2026-05-21 20:10:21,869 - INFO - SQL Success: Measurements stored.
2026-05-21 22:55:50,677 - INFO - System Startup Initiated.
2026-05-21 22:55:50,994 - INFO - Data successfully fetched from API.
2026-05-21 22:55:50,999 - INFO - SQL Success: Measurements stored.
2026-05-22 01:01:26,257 - INFO - System Startup Initiated.
2026-05-22 01:01:26,538 - INFO - Data successfully fetched from API.
2026-05-22 01:01:26,541 - INFO - SQL Success: Measurements stored.
2026-05-22 02:54:25,498 - INFO - System Startup Initiated.
2026-05-22 02:54:25,712 - INFO - Data successfully fetched from API.
2026-05-22 02:54:25,715 - INFO - SQL Success: Measurements stored.
2026-05-22 04:24:58,986 - INFO - System Startup Initiated.
2026-05-22 04:24:59,235 - INFO - Data successfully fetched from API.
2026-05-22 04:24:59,237 - INFO - SQL Success: Measurements stored.
2026-05-22 05:24:41,411 - INFO - System Startup Initiated.
2026-05-22 05:24:41,670 - INFO - Data successfully fetched from API.
2026-05-22 05:24:41,673 - INFO - SQL Success: Measurements stored.
2026-05-22 07:20:02,152 - INFO - System Startup Initiated.
2026-05-22 07:20:02,372 - INFO - Data successfully fetched from API.
2026-05-22 07:20:02,375 - INFO - SQL Success: Measurements stored.
2026-05-22 11:34:35,409 - INFO - System Startup Initiated.
2026-05-22 11:34:35,702 - INFO - Data successfully fetched from API.
2026-05-22 11:34:35,705 - INFO - SQL Success: Measurements stored.
2026-05-22 14:38:16,386 - INFO - System Startup Initiated.
2026-05-22 14:38:16,589 - INFO - Data successfully fetched from API.
2026-05-22 14:38:16,592 - INFO - SQL Success: Measurements stored.
2026-05-22 17:26:01,026 - INFO - System Startup Initiated.
2026-05-22 17:26:01,399 - INFO - Data successfully fetched from API.
2026-05-22 17:26:01,402 - INFO - SQL Success: Measurements stored.
2026-05-22 19:45:42,690 - INFO - System Startup Initiated.
2026-05-22 19:45:42,838 - INFO - Data successfully fetched from API.
2026-05-22 19:45:42,841 - INFO - SQL Success: Measurements stored.
2026-05-22 22:21:53,066 - INFO - System Startup Initiated.
2026-05-22 22:21:53,318 - INFO - Data successfully fetched from API.
2026-05-22 22:21:53,322 - INFO - SQL Success: Measurements stored.
2026-05-23 00:08:05,962 - INFO - System Startup Initiated.
2026-05-23 00:08:06,297 - INFO - Data successfully fetched from API.
2026-05-23 00:08:06,336 - INFO - SQL Success: Measurements stored.
2026-05-23 02:02:26,220 - INFO - System Startup Initiated.
2026-05-23 02:02:26,735 - INFO - Data successfully fetched from API.
2026-05-23 02:02:26,739 - INFO - SQL Success: Measurements stored.
2026-05-23 03:26:05,145 - INFO - System Startup Initiated.
2026-05-23 03:26:05,408 - INFO - Data successfully fetched from API.
2026-05-23 03:26:05,410 - INFO - SQL Success: Measurements stored.
2026-05-23 04:25:56,947 - INFO - System Startup Initiated.
2026-05-23 04:25:57,248 - INFO - Data successfully fetched from API.
2026-05-23 04:25:57,251 - INFO - SQL Success: Measurements stored.
2026-05-23 05:31:27,133 - INFO - System Startup Initiated.
2026-05-23 05:31:27,264 - INFO - Data successfully fetched from API.
2026-05-23 05:31:27,267 - INFO - SQL Success: Measurements stored.
2026-05-23 08:15:23,638 - INFO - System Startup Initiated.
2026-05-23 08:15:24,010 - INFO - Data successfully fetched from API.
2026-05-23 08:15:24,014 - INFO - SQL Success: Measurements stored.
2026-05-23 11:39:50,206 - INFO - System Startup Initiated.
2026-05-23 11:39:50,459 - INFO - Data successfully fetched from API.
2026-05-23 11:39:50,463 - INFO - SQL Success: Measurements stored.
2026-05-23 13:55:18,374 - INFO - System Startup Initiated.
2026-05-23 13:55:18,635 - INFO - Data successfully fetched from API.
2026-05-23 13:55:18,667 - INFO - SQL Success: Measurements stored.
2026-05-23 15:49:12,304 - INFO - System Startup Initiated.
2026-05-23 15:49:12,677 - INFO - Data successfully fetched from API.
2026-05-23 15:49:12,680 - INFO - SQL Success: Measurements stored.
2026-05-23 17:20:01,639 - INFO - System Startup Initiated.
2026-05-23 17:20:02,012 - INFO - Data successfully fetched from API.
2026-05-23 17:20:02,015 - INFO - SQL Success: Measurements stored.
2026-05-23 18:27:20,751 - INFO - System Startup Initiated.
2026-05-23 18:27:21,057 - INFO - Data successfully fetched from API.
2026-05-23 18:27:21,060 - INFO - SQL Success: Measurements stored.
2026-05-23 21:17:57,373 - INFO - System Startup Initiated.
2026-05-23 21:17:57,711 - INFO - Data successfully fetched from API.
2026-05-23 21:17:57,714 - INFO - SQL Success: Measurements stored.
2026-05-23 22:24:52,580 - INFO - System Startup Initiated.
2026-05-23 22:24:52,920 - INFO - Data successfully fetched from API.
2026-05-23 22:24:52,923 - INFO - SQL Success: Measurements stored.
2026-05-23 23:27:14,065 - INFO - System Startup Initiated.
2026-05-23 23:27:14,267 - INFO - Data successfully fetched from API.
2026-05-23 23:27:14,270 - INFO - SQL Success: Measurements stored.
2026-05-24 00:27:53,622 - INFO - System Startup Initiated.
2026-05-24 00:27:53,774 - INFO - Data successfully fetched from API.
2026-05-24 00:27:53,777 - INFO - SQL Success: Measurements stored.
2026-05-24 01:35:23,792 - INFO - System Startup Initiated.
2026-05-24 01:35:24,050 - INFO - Data successfully fetched from API.
2026-05-24 01:35:24,056 - INFO - SQL Success: Measurements stored.
2026-05-24 02:26:47,057 - INFO - System Startup Initiated.
2026-05-24 02:26:47,377 - INFO - Data successfully fetched from API.
2026-05-24 02:26:47,380 - INFO - SQL Success: Measurements stored.
2026-05-24 03:23:10,917 - INFO - System Startup Initiated.
2026-05-24 03:23:11,069 - INFO - Data successfully fetched from API.
2026-05-24 03:23:11,072 - INFO - SQL Success: Measurements stored.
2026-05-24 04:21:06,621 - INFO - System Startup Initiated.
2026-05-24 04:21:06,768 - INFO - Data successfully fetched from API.
2026-05-24 04:21:06,770 - INFO - SQL Success: Measurements stored.
2026-05-24 05:26:04,572 - INFO - System Startup Initiated.
2026-05-24 05:26:04,886 - INFO - Data successfully fetched from API.
2026-05-24 05:26:04,889 - INFO - SQL Success: Measurements stored.
2026-05-24 07:20:50,721 - INFO - System Startup Initiated.
2026-05-24 07:20:50,971 - INFO - Data successfully fetched from API.
2026-05-24 07:20:50,974 - INFO - SQL Success: Measurements stored.
2026-05-24 11:31:52,850 - INFO - System Startup Initiated.
2026-05-24 11:31:53,076 - INFO - Data successfully fetched from API.
2026-05-24 11:31:53,079 - INFO - SQL Success: Measurements stored.
2026-05-24 14:06:37,541 - INFO - System Startup Initiated.
2026-05-24 14:06:37,786 - INFO - Data successfully fetched from API.
2026-05-24 14:06:37,790 - INFO - SQL Success: Measurements stored.
2026-05-24 16:02:11,078 - INFO - System Startup Initiated.
2026-05-24 16:02:11,236 - INFO - Data successfully fetched from API.
2026-05-24 16:02:11,239 - INFO - SQL Success: Measurements stored.
2026-05-24 17:32:45,592 - INFO - System Startup Initiated.
2026-05-24 17:32:45,819 - INFO - Data successfully fetched from API.
2026-05-24 17:32:45,822 - INFO - SQL Success: Measurements stored.
2026-05-24 18:55:42,283 - INFO - System Startup Initiated.
2026-05-24 18:55:42,540 - INFO - Data successfully fetched from API.
2026-05-24 18:55:42,544 - INFO - SQL Success: Measurements stored.
2026-05-24 20:28:06,923 - INFO - System Startup Initiated.
2026-05-24 20:28:07,293 - INFO - Data successfully fetched from API.
2026-05-24 20:28:07,295 - INFO - SQL Success: Measurements stored.
2026-05-24 21:32:52,740 - INFO - System Startup Initiated.
2026-05-24 21:32:52,872 - INFO - Data successfully fetched from API.
2026-05-24 21:32:52,874 - INFO - SQL Success: Measurements stored.
2026-05-24 22:39:50,525 - INFO - System Startup Initiated.
2026-05-24 22:39:50,690 - INFO - Data successfully fetched from API.
2026-05-24 22:39:50,693 - INFO - SQL Success: Measurements stored.
2026-05-24 23:40:10,056 - INFO - System Startup Initiated.
2026-05-24 23:40:10,247 - INFO - Data successfully fetched from API.
2026-05-24 23:40:10,250 - INFO - SQL Success: Measurements stored.
2026-05-25 00:53:07,713 - INFO - System Startup Initiated.
2026-05-25 00:53:07,835 - INFO - Data successfully fetched from API.
2026-05-25 00:53:07,838 - INFO - SQL Success: Measurements stored.
2026-05-25 02:00:13,863 - INFO - System Startup Initiated.
2026-05-25 02:00:14,114 - INFO - Data successfully fetched from API.
2026-05-25 02:00:14,117 - INFO - SQL Success: Measurements stored.
2026-05-25 02:58:30,681 - INFO - System Startup Initiated.
2026-05-25 02:58:30,847 - INFO - Data successfully fetched from API.
2026-05-25 02:58:30,849 - INFO - SQL Success: Measurements stored.
2026-05-25 03:56:51,845 - INFO - System Startup Initiated.
2026-05-25 03:56:52,035 - INFO - Data successfully fetched from API.
2026-05-25 03:56:52,039 - INFO - SQL Success: Measurements stored.
2026-05-25 04:59:46,658 - INFO - System Startup Initiated.
2026-05-25 04:59:46,788 - INFO - Data successfully fetched from API.
2026-05-25 04:59:46,791 - INFO - SQL Success: Measurements stored.
2026-05-25 05:59:46,209 - INFO - System Startup Initiated.
2026-05-25 05:59:46,361 - INFO - Data successfully fetched from API.
2026-05-25 05:59:46,365 - INFO - SQL Success: Measurements stored.
2026-05-25 10:38:38,767 - INFO - System Startup Initiated.
2026-05-25 10:38:38,819 - INFO - Data successfully fetched from API.
2026-05-25 10:38:38,822 - INFO - SQL Success: Measurements stored.
2026-05-25 14:37:29,542 - INFO - System Startup Initiated.
2026-05-25 14:37:29,728 - INFO - Data successfully fetched from API.
2026-05-25 14:37:30,131 - INFO - SQL Success: Measurements stored.
2026-05-25 18:08:03,703 - INFO - System Startup Initiated.
2026-05-25 18:08:04,000 - INFO - Data successfully fetched from API.
2026-05-25 18:08:04,003 - INFO - SQL Success: Measurements stored.
2026-05-25 21:19:56,345 - INFO - System Startup Initiated.
2026-05-25 21:19:56,754 - INFO - Data successfully fetched from API.
2026-05-25 21:19:56,757 - INFO - SQL Success: Measurements stored.
2026-05-25 23:07:46,550 - INFO - System Startup Initiated.
2026-05-25 23:07:47,016 - INFO - Data successfully fetched from API.
2026-05-25 23:07:47,019 - INFO - SQL Success: Measurements stored.
2026-05-26 00:42:53,730 - INFO - System Startup Initiated.
2026-05-26 00:42:53,982 - INFO - Data successfully fetched from API.
2026-05-26 00:42:53,985 - INFO - SQL Success: Measurements stored.
2026-05-26 02:08:25,560 - INFO - System Startup Initiated.
2026-05-26 02:08:25,732 - INFO - Data successfully fetched from API.
2026-05-26 02:08:25,735 - INFO - SQL Success: Measurements stored.
2026-05-26 03:28:04,529 - INFO - System Startup Initiated.
2026-05-26 03:28:04,685 - INFO - Data successfully fetched from API.
2026-05-26 03:28:04,688 - INFO - SQL Success: Measurements stored.
2026-05-26 04:26:45,529 - INFO - System Startup Initiated.
2026-05-26 04:26:45,771 - INFO - Data successfully fetched from API.
2026-05-26 04:26:45,775 - INFO - SQL Success: Measurements stored.
2026-05-26 05:30:14,658 - INFO - System Startup Initiated.
2026-05-26 05:30:14,944 - INFO - Data successfully fetched from API.
2026-05-26 05:30:14,947 - INFO - SQL Success: Measurements stored.
2026-05-26 07:16:57,045 - INFO - System Startup Initiated.
2026-05-26 07:16:57,135 - INFO - Data successfully fetched from API.
2026-05-26 07:16:57,137 - INFO - SQL Success: Measurements stored.
2026-05-26 11:35:24,167 - INFO - System Startup Initiated.
2026-05-26 11:35:24,326 - INFO - Data successfully fetched from API.
2026-05-26 11:35:24,329 - INFO - SQL Success: Measurements stored.
2026-05-26 15:26:50,760 - INFO - System Startup Initiated.
2026-05-26 15:26:50,964 - INFO - Data successfully fetched from API.
2026-05-26 15:26:50,967 - INFO - SQL Success: Measurements stored.
2026-05-26 22:16:18,267 - INFO - System Startup Initiated.
2026-05-26 22:16:18,509 - INFO - Data successfully fetched from API.
2026-05-26 22:16:18,512 - INFO - SQL Success: Measurements stored.
2026-05-27 00:53:17,493 - INFO - System Startup Initiated.
2026-05-27 00:53:17,625 - INFO - Data successfully fetched from API.
2026-05-27 00:53:17,628 - INFO - SQL Success: Measurements stored.
2026-05-27 02:45:19,081 - INFO - System Startup Initiated.
2026-05-27 02:45:19,376 - INFO - Data successfully fetched from API.
2026-05-27 02:45:19,380 - INFO - SQL Success: Measurements stored.
2026-05-27 04:10:30,050 - INFO - System Startup Initiated.
2026-05-27 04:10:30,303 - INFO - Data successfully fetched from API.
2026-05-27 04:10:30,306 - INFO - SQL Success: Measurements stored.
2026-05-27 05:22:59,485 - INFO - System Startup Initiated.
2026-05-27 05:22:59,607 - INFO - Data successfully fetched from API.
2026-05-27 05:22:59,610 - INFO - SQL Success: Measurements stored.
2026-05-27 07:36:11,056 - INFO - System Startup Initiated.
2026-05-27 07:36:11,268 - INFO - Data successfully fetched from API.
2026-05-27 07:36:11,271 - INFO - SQL Success: Measurements stored.
2026-05-27 11:59:27,387 - INFO - System Startup Initiated.
2026-05-27 11:59:27,638 - INFO - Data successfully fetched from API.
2026-05-27 11:59:27,641 - INFO - SQL Success: Measurements stored.
2026-05-27 16:16:01,240 - INFO - System Startup Initiated.
2026-05-27 16:16:01,579 - INFO - Data successfully fetched from API.
2026-05-27 16:16:01,583 - INFO - SQL Success: Measurements stored.
2026-05-27 19:47:48,779 - INFO - System Startup Initiated.
2026-05-27 19:47:49,153 - INFO - Data successfully fetched from API.
2026-05-27 19:47:49,157 - INFO - SQL Success: Measurements stored.
2026-05-27 23:18:27,427 - INFO - System Startup Initiated.
2026-05-27 23:18:27,559 - INFO - Data successfully fetched from API.
2026-05-27 23:18:27,562 - INFO - SQL Success: Measurements stored.
2026-05-28 01:33:17,908 - INFO - System Startup Initiated.
2026-05-28 01:33:18,034 - INFO - Data successfully fetched from API.
2026-05-28 01:33:18,037 - INFO - SQL Success: Measurements stored.
2026-05-28 03:33:44,248 - INFO - System Startup Initiated.
2026-05-28 03:33:44,446 - INFO - Data successfully fetched from API.
2026-05-28 03:33:44,448 - INFO - SQL Success: Measurements stored.
2026-05-28 04:57:42,624 - INFO - System Startup Initiated.
2026-05-28 04:57:42,966 - INFO - Data successfully fetched from API.
2026-05-28 04:57:42,969 - INFO - SQL Success: Measurements stored.
2026-05-28 05:59:30,761 - INFO - System Startup Initiated.
2026-05-28 05:59:30,942 - INFO - Data successfully fetched from API.
2026-05-28 05:59:30,945 - INFO - SQL Success: Measurements stored.
2026-05-28 10:26:45,028 - INFO - System Startup Initiated.
2026-05-28 10:26:45,322 - INFO - Data successfully fetched from API.
2026-05-28 10:26:45,326 - INFO - SQL Success: Measurements stored.
2026-05-28 14:17:02,951 - INFO - System Startup Initiated.
2026-05-28 14:17:03,207 - INFO - Data successfully fetched from API.
2026-05-28 14:17:03,211 - INFO - SQL Success: Measurements stored.
2026-05-28 17:50:34,982 - INFO - System Startup Initiated.
2026-05-28 17:50:35,296 - INFO - Data successfully fetched from API.
2026-05-28 17:50:35,299 - INFO - SQL Success: Measurements stored.
2026-05-28 22:17:42,004 - INFO - System Startup Initiated.
2026-05-28 22:17:42,250 - INFO - Data successfully fetched from API.
2026-05-28 22:17:42,255 - INFO - SQL Success: Measurements stored.
2026-05-29 01:04:42,694 - INFO - System Startup Initiated.
2026-05-29 01:04:42,874 - INFO - Data successfully fetched from API.
2026-05-29 01:04:42,877 - INFO - SQL Success: Measurements stored.
2026-05-29 03:14:13,305 - INFO - System Startup Initiated.
2026-05-29 03:14:13,723 - INFO - Data successfully fetched from API.
2026-05-29 03:14:13,726 - INFO - SQL Success: Measurements stored.
2026-05-29 04:41:51,516 - INFO - System Startup Initiated.
2026-05-29 04:41:51,810 - INFO - Data successfully fetched from API.
2026-05-29 04:41:51,813 - INFO - SQL Success: Measurements stored.
2026-05-29 05:54:59,828 - INFO - System Startup Initiated.
2026-05-29 05:55:00,314 - INFO - Data successfully fetched from API.
2026-05-29 05:55:00,317 - INFO - SQL Success: Measurements stored.
2026-05-29 10:26:17,062 - INFO - System Startup Initiated.
2026-05-29 10:26:17,309 - INFO - Data successfully fetched from API.
2026-05-29 10:26:17,312 - INFO - SQL Success: Measurements stored.
2026-05-29 14:14:24,884 - INFO - System Startup Initiated.
2026-05-29 14:14:25,007 - INFO - Data successfully fetched from API.
2026-05-29 14:14:25,010 - INFO - SQL Success: Measurements stored.
2026-05-29 17:32:50,620 - INFO - System Startup Initiated.
2026-05-29 17:32:51,034 - INFO - Data successfully fetched from API.
2026-05-29 17:32:51,037 - INFO - SQL Success: Measurements stored.
2026-05-29 20:34:02,707 - INFO - System Startup Initiated.
2026-05-29 20:34:02,945 - INFO - Data successfully fetched from API.
2026-05-29 20:34:02,949 - INFO - SQL Success: Measurements stored.
2026-05-29 23:54:05,245 - INFO - System Startup Initiated.
2026-05-29 23:54:05,310 - INFO - Data successfully fetched from API.
2026-05-29 23:54:05,313 - INFO - SQL Success: Measurements stored.
2026-05-30 02:22:22,590 - INFO - System Startup Initiated.
2026-05-30 02:22:22,840 - INFO - Data successfully fetched from API.
2026-05-30 02:22:22,843 - INFO - SQL Success: Measurements stored.
2026-05-30 04:02:39,029 - INFO - System Startup Initiated.
2026-05-30 04:02:39,292 - INFO - Data successfully fetched from API.
2026-05-30 04:02:39,295 - INFO - SQL Success: Measurements stored.
2026-05-30 05:32:48,580 - INFO - System Startup Initiated.
2026-05-30 05:32:48,788 - INFO - Data successfully fetched from API.
2026-05-30 05:32:48,792 - INFO - SQL Success: Measurements stored.
2026-05-30 08:18:48,204 - INFO - System Startup Initiated.
2026-05-30 08:18:48,524 - INFO - Data successfully fetched from API.
2026-05-30 08:18:48,527 - INFO - SQL Success: Measurements stored.
2026-05-30 11:48:03,761 - INFO - System Startup Initiated.
2026-05-30 11:48:03,954 - INFO - Data successfully fetched from API.
2026-05-30 11:48:03,957 - INFO - SQL Success: Measurements stored.
2026-05-30 14:25:02,310 - INFO - System Startup Initiated.
2026-05-30 14:25:02,595 - INFO - Data successfully fetched from API.
2026-05-30 14:25:02,598 - INFO - SQL Success: Measurements stored.
2026-05-30 16:12:56,752 - INFO - System Startup Initiated.
2026-05-30 16:12:56,956 - INFO - Data successfully fetched from API.
2026-05-30 16:12:56,959 - INFO - SQL Success: Measurements stored.
2026-05-30 17:37:28,099 - INFO - System Startup Initiated.
2026-05-30 17:37:28,420 - INFO - Data successfully fetched from API.
2026-05-30 17:37:28,423 - INFO - SQL Success: Measurements stored.
2026-05-30 18:59:30,213 - INFO - System Startup Initiated.
2026-05-30 18:59:30,618 - INFO - Data successfully fetched from API.
2026-05-30 18:59:30,620 - INFO - SQL Success: Measurements stored.
2026-05-30 20:33:24,276 - INFO - System Startup Initiated.
2026-05-30 20:33:24,653 - INFO - Data successfully fetched from API.
2026-05-30 20:33:24,656 - INFO - SQL Success: Measurements stored.
2026-05-30 21:45:34,307 - INFO - System Startup Initiated.
2026-05-30 21:45:34,346 - INFO - Data successfully fetched from API.
2026-05-30 21:45:34,348 - INFO - SQL Success: Measurements stored.
2026-05-30 23:04:38,640 - INFO - System Startup Initiated.
2026-05-30 23:04:39,053 - INFO - Data successfully fetched from API.
2026-05-30 23:04:39,056 - INFO - SQL Success: Measurements stored.
2026-05-31 00:22:19,170 - INFO - System Startup Initiated.
2026-05-31 00:22:19,467 - INFO - Data successfully fetched from API.
2026-05-31 00:22:19,469 - INFO - SQL Success: Measurements stored.
2026-05-31 01:37:43,931 - INFO - System Startup Initiated.
2026-05-31 01:37:44,060 - INFO - Data successfully fetched from API.
2026-05-31 01:37:44,063 - INFO - SQL Success: Measurements stored.
2026-05-31 02:34:39,218 - INFO - System Startup Initiated.
2026-05-31 02:34:39,461 - INFO - Data successfully fetched from API.
2026-05-31 02:34:39,466 - INFO - SQL Success: Measurements stored.
2026-05-31 03:40:19,707 - INFO - System Startup Initiated.
2026-05-31 03:40:20,045 - INFO - Data successfully fetched from API.
2026-05-31 03:40:20,048 - INFO - SQL Success: Measurements stored.
2026-05-31 04:39:17,676 - INFO - System Startup Initiated.
2026-05-31 04:39:18,246 - INFO - Data successfully fetched from API.
2026-05-31 04:39:18,248 - INFO - SQL Success: Measurements stored.
2026-05-31 05:42:02,635 - INFO - System Startup Initiated.
2026-05-31 05:42:02,762 - INFO - Data successfully fetched from API.
2026-05-31 05:42:02,765 - INFO - SQL Success: Measurements stored.
2026-05-31 09:26:13,216 - INFO - System Startup Initiated.
2026-05-31 09:26:13,551 - INFO - Data successfully fetched from API.
2026-05-31 09:26:13,554 - INFO - SQL Success: Measurements stored.
2026-05-31 13:20:03,218 - INFO - System Startup Initiated.
2026-05-31 13:20:03,572 - INFO - Data successfully fetched from API.
2026-05-31 13:20:03,575 - INFO - SQL Success: Measurements stored.
2026-05-31 15:47:29,427 - INFO - System Startup Initiated.
2026-05-31 15:47:29,535 - INFO - Data successfully fetched from API.
2026-05-31 15:47:29,538 - INFO - SQL Success: Measurements stored.
2026-05-31 17:35:07,543 - INFO - System Startup Initiated.
2026-05-31 17:35:07,683 - INFO - Data successfully fetched from API.
2026-05-31 17:35:07,687 - INFO - SQL Success: Measurements stored.
2026-05-31 19:08:34,969 - INFO - System Startup Initiated.
2026-05-31 19:08:35,314 - INFO - Data successfully fetched from API.
2026-05-31 19:08:35,316 - INFO - SQL Success: Measurements stored.
2026-05-31 20:44:41,396 - INFO - System Startup Initiated.
2026-05-31 20:44:41,747 - INFO - Data successfully fetched from API.
2026-05-31 20:44:41,750 - INFO - SQL Success: Measurements stored.
2026-05-31 22:01:11,607 - INFO - System Startup Initiated.
2026-05-31 22:01:11,909 - INFO - Data successfully fetched from API.
2026-05-31 22:01:11,912 - INFO - SQL Success: Measurements stored.
2026-05-31 23:21:10,030 - INFO - System Startup Initiated.
2026-05-31 23:21:10,413 - INFO - Data successfully fetched from API.
2026-05-31 23:21:10,416 - INFO - SQL Success: Measurements stored.
2026-06-01 00:34:45,712 - INFO - System Startup Initiated.
2026-06-01 00:34:45,924 - INFO - Data successfully fetched from API.
2026-06-01 00:34:45,927 - INFO - SQL Success: Measurements stored.
2026-06-01 01:47:54,558 - INFO - System Startup Initiated.
2026-06-01 01:47:54,924 - INFO - Data successfully fetched from API.
2026-06-01 01:47:54,928 - INFO - SQL Success: Measurements stored.
2026-06-01 02:59:41,298 - INFO - System Startup Initiated.
2026-06-01 02:59:41,554 - INFO - Data successfully fetched from API.
2026-06-01 02:59:41,557 - INFO - SQL Success: Measurements stored.
2026-06-01 04:00:15,224 - INFO - System Startup Initiated.
2026-06-01 04:00:15,624 - INFO - Data successfully fetched from API.
2026-06-01 04:00:15,627 - INFO - SQL Success: Measurements stored.
2026-06-01 05:04:32,982 - INFO - System Startup Initiated.
2026-06-01 05:04:33,352 - INFO - Data successfully fetched from API.
2026-06-01 05:04:33,355 - INFO - SQL Success: Measurements stored.
2026-06-01 07:22:57,767 - INFO - System Startup Initiated.
2026-06-01 07:22:58,155 - INFO - Data successfully fetched from API.
2026-06-01 07:22:58,158 - INFO - SQL Success: Measurements stored.
2026-06-01 12:18:13,727 - INFO - System Startup Initiated.
2026-06-01 12:18:14,059 - INFO - Data successfully fetched from API.
2026-06-01 12:18:14,062 - INFO - SQL Success: Measurements stored.
2026-06-01 18:07:06,190 - INFO - System Startup Initiated.
2026-06-01 18:07:06,519 - INFO - Data successfully fetched from API.
2026-06-01 18:07:06,522 - INFO - SQL Success: Measurements stored.
2026-06-02 00:07:24,969 - INFO - System Startup Initiated.
2026-06-02 00:07:25,146 - INFO - Data successfully fetched from API.
2026-06-02 00:07:25,150 - INFO - SQL Success: Measurements stored.
2026-06-02 03:32:45,722 - INFO - System Startup Initiated.
2026-06-02 03:32:45,968 - INFO - Data successfully fetched from API.
2026-06-02 03:32:45,972 - INFO - SQL Success: Measurements stored.
2026-06-02 05:08:11,840 - INFO - System Startup Initiated.
2026-06-02 05:08:12,030 - INFO - Data successfully fetched from API.
2026-06-02 05:08:12,049 - INFO - SQL Success: Measurements stored.
2026-06-02 07:28:52,573 - INFO - System Startup Initiated.
2026-06-02 07:28:52,803 - INFO - Data successfully fetched from API.
2026-06-02 07:28:52,806 - INFO - SQL Success: Measurements stored.
2026-06-02 12:08:10,464 - INFO - System Startup Initiated.
2026-06-02 12:08:10,585 - INFO - Data successfully fetched from API.
2026-06-02 12:08:10,588 - INFO - SQL Success: Measurements stored.
